default http://www.utexas.edu/depts/grg/gcraft/notes/lifecycle/lifecycle.html

rect http://www.utexas.edu/depts/grg/gcraft/notes/lifecycle/definit.html#def1 24,0 105,51
rect http://www.utexas.edu/depts/grg/gcraft/notes/lifecycle/definit.html#def2 121,0 202,51
rect http://www.utexas.edu/depts/grg/gcraft/notes/lifecycle/definit.html#def3 316,0 398,51
rect http://www.utexas.edu/depts/grg/gcraft/notes/lifecycle/definit.html#def4 24,64 105,115
rect http://www.utexas.edu/depts/grg/gcraft/notes/lifecycle/definit.html#def5 121,64 202,115
rect http://www.utexas.edu/depts/grg/gcraft/notes/lifecycle/definit.html#def6 220,64 301,115
rect http://www.utexas.edu/depts/grg/gcraft/notes/lifecycle/definit.html#def7 316,64 398,115
rect http://www.utexas.edu/depts/grg/gcraft/notes/lifecycle/definit.html#def8 24,129 105,180
rect http://www.utexas.edu/depts/grg/gcraft/notes/lifecycle/definit.html#def9 121,129 202,180
rect http://www.utexas.edu/depts/grg/gcraft/notes/lifecycle/definit.html#def10 220,129 301,180
rect http://www.utexas.edu/depts/grg/gcraft/notes/lifecycle/definit.html#def11 316,129 398,180
rect http://www.utexas.edu/depts/grg/gcraft/notes/lifecycle/definit.html#def12 24,194 105,244
rect http://www.utexas.edu/depts/grg/gcraft/notes/lifecycle/definit.html#def13 121,194 202,244
rect http://www.utexas.edu/depts/grg/gcraft/notes/lifecycle/definit.html#def14 220,194 301,244
rect http://www.utexas.edu/depts/grg/gcraft/notes/lifecycle/definit.html#def15 316,194 398,244
rect http://www.utexas.edu/depts/grg/gcraft/notes/lifecycle/definit.html#def16 24,259 105,310
rect http://www.utexas.edu/depts/grg/gcraft/notes/lifecycle/definit.html#def17 121,259 202,310
rect http://www.utexas.edu/depts/grg/gcraft/notes/lifecycle/definit.html#def18 316,259 398,310
rect http://www.utexas.edu/depts/grg/gcraft/notes/lifecycle/definit.html#def19 121,329 202,380


